---
source: tests/snapshot_tests.rs
expression: "serde_yaml::to_value(&[(\"route_name\", name),\n(\"distance_km\", &route.distance_km.to_string()),\n(\"elevation_m\", &route.elevation_m.to_string()),\n(\"cat_d_minutes\", &format!(\"{:.1}\", cat_d_duration)),\n(\"cat_c_minutes\", &format!(\"{:.1}\", cat_c_duration)),\n(\"cat_b_minutes\", &format!(\"{:.1}\", cat_b_duration)),\n(\"cat_a_minutes\", &format!(\"{:.1}\", cat_a_duration)),]).unwrap()"
---
- - route_name
  - KISS 100
- - distance_km
  - "35"
- - elevation_m
  - "892"
- - cat_d_minutes
  - "93.9"
- - cat_c_minutes
  - "85.4"
- - cat_b_minutes
  - "78.3"
- - cat_a_minutes
  - "72.3"
