---
source: tests/snapshot_tests.rs
expression: "serde_yaml::to_value(&[(\"route_name\", name),\n(\"distance_km\", &route.distance_km.to_string()),\n(\"elevation_m\", &route.elevation_m.to_string()),\n(\"cat_d_minutes\", &format!(\"{:.1}\", cat_d_duration)),\n(\"cat_c_minutes\", &format!(\"{:.1}\", cat_c_duration)),\n(\"cat_b_minutes\", &format!(\"{:.1}\", cat_b_duration)),\n(\"cat_a_minutes\", &format!(\"{:.1}\", cat_a_duration)),]).unwrap()"
---
- - route_name
  - Three Village Loop
- - distance_km
  - "10.6"
- - elevation_m
  - "93"
- - cat_d_minutes
  - "23.2"
- - cat_c_minutes
  - "21.1"
- - cat_b_minutes
  - "19.4"
- - cat_a_minutes
  - "17.9"
